  main.cpp
C:\CraftMine\CraftMine\Classes\EngineFunctions.hpp(72,22): warning C4244: 'initializing': conversion from 'double' to 'float', possible loss of data
  (compiling source file 'main.cpp')
  
C:\CraftMine\CraftMine\Classes\Chunk.hpp(997,44): warning C4267: 'argument': conversion from 'size_t' to 'GLsizei', possible loss of data
  (compiling source file 'main.cpp')
  
C:\CraftMine\CraftMine\main.cpp(99,22): warning C4305: 'argument': truncation from 'double' to 'GLfloat'
LINK : warning LNK4098: defaultlib 'MSVCRTD' conflicts with use of other libs; use /NODEFAULTLIB:library
  Generating code
  2 of 891 functions ( 0.2%) were compiled, the rest were copied from previous compilation.
    0 functions were new in current compilation
    15 functions had inline decision re-evaluated but remain unchanged
  Finished generating code
glfw3.lib(context.obj) : warning LNK4099: PDB 'glfw3.pdb' was not found with 'glfw3.lib(context.obj)' or at 'C:\CraftMine\x64\Release\glfw3.pdb'; linking object as if no debug info
glfw3.lib(window.obj) : warning LNK4099: PDB 'glfw3.pdb' was not found with 'glfw3.lib(window.obj)' or at 'C:\CraftMine\x64\Release\glfw3.pdb'; linking object as if no debug info
glfw3.lib(input.obj) : warning LNK4099: PDB 'glfw3.pdb' was not found with 'glfw3.lib(input.obj)' or at 'C:\CraftMine\x64\Release\glfw3.pdb'; linking object as if no debug info
glfw3.lib(init.obj) : warning LNK4099: PDB 'glfw3.pdb' was not found with 'glfw3.lib(init.obj)' or at 'C:\CraftMine\x64\Release\glfw3.pdb'; linking object as if no debug info
glfw3.lib(win32_thread.obj) : warning LNK4099: PDB 'glfw3.pdb' was not found with 'glfw3.lib(win32_thread.obj)' or at 'C:\CraftMine\x64\Release\glfw3.pdb'; linking object as if no debug info
glfw3.lib(win32_time.obj) : warning LNK4099: PDB 'glfw3.pdb' was not found with 'glfw3.lib(win32_time.obj)' or at 'C:\CraftMine\x64\Release\glfw3.pdb'; linking object as if no debug info
glfw3.lib(platform.obj) : warning LNK4099: PDB 'glfw3.pdb' was not found with 'glfw3.lib(platform.obj)' or at 'C:\CraftMine\x64\Release\glfw3.pdb'; linking object as if no debug info
glfw3.lib(monitor.obj) : warning LNK4099: PDB 'glfw3.pdb' was not found with 'glfw3.lib(monitor.obj)' or at 'C:\CraftMine\x64\Release\glfw3.pdb'; linking object as if no debug info
glfw3.lib(vulkan.obj) : warning LNK4099: PDB 'glfw3.pdb' was not found with 'glfw3.lib(vulkan.obj)' or at 'C:\CraftMine\x64\Release\glfw3.pdb'; linking object as if no debug info
glfw3.lib(win32_init.obj) : warning LNK4099: PDB 'glfw3.pdb' was not found with 'glfw3.lib(win32_init.obj)' or at 'C:\CraftMine\x64\Release\glfw3.pdb'; linking object as if no debug info
glfw3.lib(null_init.obj) : warning LNK4099: PDB 'glfw3.pdb' was not found with 'glfw3.lib(null_init.obj)' or at 'C:\CraftMine\x64\Release\glfw3.pdb'; linking object as if no debug info
glfw3.lib(win32_module.obj) : warning LNK4099: PDB 'glfw3.pdb' was not found with 'glfw3.lib(win32_module.obj)' or at 'C:\CraftMine\x64\Release\glfw3.pdb'; linking object as if no debug info
glfw3.lib(win32_monitor.obj) : warning LNK4099: PDB 'glfw3.pdb' was not found with 'glfw3.lib(win32_monitor.obj)' or at 'C:\CraftMine\x64\Release\glfw3.pdb'; linking object as if no debug info
glfw3.lib(win32_window.obj) : warning LNK4099: PDB 'glfw3.pdb' was not found with 'glfw3.lib(win32_window.obj)' or at 'C:\CraftMine\x64\Release\glfw3.pdb'; linking object as if no debug info
glfw3.lib(win32_joystick.obj) : warning LNK4099: PDB 'glfw3.pdb' was not found with 'glfw3.lib(win32_joystick.obj)' or at 'C:\CraftMine\x64\Release\glfw3.pdb'; linking object as if no debug info
glfw3.lib(wgl_context.obj) : warning LNK4099: PDB 'glfw3.pdb' was not found with 'glfw3.lib(wgl_context.obj)' or at 'C:\CraftMine\x64\Release\glfw3.pdb'; linking object as if no debug info
glfw3.lib(egl_context.obj) : warning LNK4099: PDB 'glfw3.pdb' was not found with 'glfw3.lib(egl_context.obj)' or at 'C:\CraftMine\x64\Release\glfw3.pdb'; linking object as if no debug info
glfw3.lib(osmesa_context.obj) : warning LNK4099: PDB 'glfw3.pdb' was not found with 'glfw3.lib(osmesa_context.obj)' or at 'C:\CraftMine\x64\Release\glfw3.pdb'; linking object as if no debug info
glfw3.lib(null_monitor.obj) : warning LNK4099: PDB 'glfw3.pdb' was not found with 'glfw3.lib(null_monitor.obj)' or at 'C:\CraftMine\x64\Release\glfw3.pdb'; linking object as if no debug info
glfw3.lib(null_window.obj) : warning LNK4099: PDB 'glfw3.pdb' was not found with 'glfw3.lib(null_window.obj)' or at 'C:\CraftMine\x64\Release\glfw3.pdb'; linking object as if no debug info
glfw3.lib(null_joystick.obj) : warning LNK4099: PDB 'glfw3.pdb' was not found with 'glfw3.lib(null_joystick.obj)' or at 'C:\CraftMine\x64\Release\glfw3.pdb'; linking object as if no debug info
  CraftMine.vcxproj -> C:\CraftMine\x64\Release\CraftMine.exe
